// Jest Snapshot v1, https://goo.gl/fbAQLP

exports[`testing <NavBar /> should render 1`] = `ReactWrapper {}`;
